C:\Users\Asus\AppData\Local\Programs\Python\Python313\python.exe: No module named pytest
